{
    "tx_inputs": [
        {
            "for_choice_id": {
                "choice_name": "ada price",
                "choice_owner": {
                    "address": "example address"
                }
            },
            "input_that_chooses_num": 3
        },
        "input_notify"
    ],
    "tx_interval": {
        "from": 10,
        "to": 100
    }
}